// Jest Snapshot v1, https://goo.gl/fbAQLP

exports[`matches snapshot 1`] = `
Object {
  "payload": Object {
    "completed": false,
    "text": "Test todo item test",
  },
  "type": "ADD_TODO",
}
`;
