// Jest Snapshot v1, https://goo.gl/fbAQLP

exports[`renders correctly 1`] = `
<div
  className="TodoList"
>
  <TodoItem
    item={
      Object {
        "completed": false,
        "text": "Test todo item 1",
      }
    }
    key="0"
    onClick={[Function]}
  />
  <TodoItem
    item={
      Object {
        "completed": true,
        "text": "Test todo item 2",
      }
    }
    key="1"
    onClick={[Function]}
  />
  <TodoItem
    item={
      Object {
        "completed": false,
        "text": "Test todo item 3",
      }
    }
    key="2"
    onClick={[Function]}
  />
</div>
`;
