// Jest Snapshot v1, https://goo.gl/fbAQLP

exports[`renders correctly 1`] = `
<header
  className="Header"
>
  <Logo />
  <Title>
    Welcome to Learn React
  </Title>
</header>
`;
